Features: ['AGEP', 'WKHP', 'SCHL']   feature_scaling: standard   init: uniform   clip_mode: feasible
Train algo_train: 88049 rows   Val algo_val: 9783 rows
FrozenLR matches sklearn LR (max |diff| = 0.0e+00); its parameters are buffers, not trained
Hyperparameters: epochs=200, lr=0.01, batch_size=256, beta=2.0, delta_g=0.01, seed=42, init=uniform, feature_scaling=standard, clip_mode=feasible, alpha={'AGEP': 1.0, 'WKHP': 0.5, 'SCHL': 1.0}

epoch   1  train 0.63509  val 0.51794  w=[0.1798 0.4178 0.4023]  b=+0.9919  j*=1  S=1.6714  moved=0.805  *best
epoch   2  train 0.47952  val 0.45743  w=[0.2279 0.5332 0.4723]  b=+1.4172  j*=1  S=2.1328  moved=0.794  *best
epoch   3  train 0.43838  val 0.42800  w=[0.2683 0.6191 0.5147]  b=+1.7162  j*=1  S=2.4765  moved=0.789  *best
epoch   4  train 0.41507  val 0.40891  w=[0.2939 0.6784 0.5501]  b=+1.9589  j*=1  S=2.7137  moved=0.779  *best
epoch   5  train 0.39928  val 0.39567  w=[0.3078 0.7347 0.5751]  b=+2.1626  j*=1  S=2.9390  moved=0.775  *best
epoch   6  train 0.38772  val 0.38555  w=[0.3193 0.7827 0.5946]  b=+2.3417  j*=1  S=3.1307  moved=0.770  *best
epoch   7  train 0.37863  val 0.37751  w=[0.335  0.8242 0.6133]  b=+2.5018  j*=1  S=3.2967  moved=0.764  *best
epoch   8  train 0.37136  val 0.37126  w=[0.3486 0.8653 0.6355]  b=+2.6445  j*=1  S=3.4612  moved=0.762  *best
epoch   9  train 0.36544  val 0.36503  w=[0.367  0.8839 0.6595]  b=+2.7788  j*=1  S=3.5356  moved=0.747  *best
epoch  10  train 0.36036  val 0.36024  w=[0.3955 0.9176 0.6936]  b=+2.8983  j*=1  S=3.6703  moved=0.742  *best
epoch  11  train 0.35587  val 0.35643  w=[0.416  0.9359 0.73  ]  b=+3.0106  j*=1  S=3.7435  moved=0.727  *best
epoch  12  train 0.35223  val 0.35358  w=[0.4385 0.9726 0.7725]  b=+3.1080  j*=1  S=3.8905  moved=0.728  *best
epoch  13  train 0.34907  val 0.35104  w=[0.4584 0.9988 0.8101]  b=+3.2014  j*=1  S=3.9950  moved=0.724  *best
epoch  14  train 0.34628  val 0.34741  w=[0.4814 1.0036 0.8423]  b=+3.2950  j*=1  S=4.0143  moved=0.710  *best
epoch  15  train 0.34375  val 0.34509  w=[0.4972 1.0246 0.8731]  b=+3.3800  j*=1  S=4.0983  moved=0.707  *best
epoch  16  train 0.34155  val 0.34319  w=[0.512  1.047  0.9017]  b=+3.4600  j*=1  S=4.1882  moved=0.703  *best
epoch  17  train 0.33965  val 0.34158  w=[0.5302 1.0689 0.9236]  b=+3.5358  j*=1  S=4.2757  moved=0.702  *best
epoch  18  train 0.33852  val 0.34110  w=[0.5468 1.0729 0.9483]  b=+3.6117  j*=1  S=4.2917  moved=0.688  *best
epoch  19  train 0.33741  val 0.34033  w=[0.5625 1.0878 0.9754]  b=+3.6809  j*=1  S=4.3513  moved=0.684  *best
epoch  20  train 0.33694  val 0.33910  w=[0.5797 1.1049 1.002 ]  b=+3.7452  j*=1  S=4.4195  moved=0.683  *best
epoch  21  train 0.33577  val 0.33992  w=[0.5967 1.1031 1.0235]  b=+3.8124  j*=1  S=4.4126  moved=0.669
epoch  22  train 0.33545  val 0.33876  w=[0.6138 1.122  1.0484]  b=+3.8705  j*=1  S=4.4881  moved=0.670  *best
epoch  23  train 0.33448  val 0.33887  w=[0.6338 1.1304 1.0707]  b=+3.9290  j*=1  S=4.5215  moved=0.661
epoch  24  train 0.33394  val 0.33805  w=[0.6549 1.1488 1.091 ]  b=+3.9827  j*=1  S=4.5951  moved=0.662  *best
epoch  25  train 0.33340  val 0.33785  w=[0.6736 1.1544 1.1108]  b=+4.0378  j*=1  S=4.6175  moved=0.654  *best
epoch  26  train 0.33264  val 0.33778  w=[0.6877 1.1669 1.128 ]  b=+4.0897  j*=1  S=4.6675  moved=0.653  *best
epoch  27  train 0.33197  val 0.33708  w=[0.6985 1.1817 1.1431]  b=+4.1393  j*=1  S=4.7270  moved=0.653  *best
epoch  28  train 0.33107  val 0.33571  w=[0.7028 1.198  1.1547]  b=+4.1874  j*=1  S=4.7919  moved=0.654  *best
epoch  29  train 0.33048  val 0.33570  w=[0.7072 1.2078 1.1643]  b=+4.2356  j*=1  S=4.8312  moved=0.653  *best
epoch  30  train 0.32977  val 0.33435  w=[0.7132 1.2206 1.1723]  b=+4.2810  j*=1  S=4.8825  moved=0.653  *best
epoch  31  train 0.32916  val 0.33443  w=[0.7178 1.2289 1.1803]  b=+4.3262  j*=1  S=4.9158  moved=0.649
epoch  32  train 0.32852  val 0.33380  w=[0.7217 1.2379 1.1866]  b=+4.3700  j*=1  S=4.9515  moved=0.648  *best
epoch  33  train 0.32795  val 0.33321  w=[0.7229 1.2474 1.1915]  b=+4.4124  j*=1  S=4.9894  moved=0.646  *best
epoch  34  train 0.32734  val 0.33272  w=[0.7254 1.2605 1.1964]  b=+4.4526  j*=1  S=5.0419  moved=0.647  *best
epoch  35  train 0.32692  val 0.33167  w=[0.7312 1.2765 1.2007]  b=+4.4904  j*=1  S=5.1061  moved=0.652  *best
epoch  36  train 0.32623  val 0.33113  w=[0.7336 1.2846 1.2043]  b=+4.5295  j*=1  S=5.1383  moved=0.650  *best
epoch  37  train 0.32585  val 0.33067  w=[0.7362 1.2933 1.2088]  b=+4.5669  j*=1  S=5.1733  moved=0.650  *best
epoch  38  train 0.32536  val 0.33034  w=[0.7388 1.3068 1.2134]  b=+4.6019  j*=1  S=5.2273  moved=0.651  *best
epoch  39  train 0.32489  val 0.33051  w=[0.7441 1.2997 1.2165]  b=+4.6413  j*=1  S=5.1987  moved=0.642
epoch  40  train 0.32450  val 0.33015  w=[0.7491 1.3163 1.2208]  b=+4.6734  j*=1  S=5.2651  moved=0.646  *best
epoch  41  train 0.32424  val 0.32857  w=[0.7482 1.3364 1.223 ]  b=+4.7041  j*=1  S=5.3455  moved=0.654  *best
epoch  42  train 0.32355  val 0.32818  w=[0.7503 1.3436 1.227 ]  b=+4.7373  j*=1  S=5.3745  moved=0.654  *best
epoch  43  train 0.32330  val 0.32912  w=[0.7528 1.3365 1.227 ]  b=+4.7732  j*=1  S=5.3460  moved=0.644
epoch  44  train 0.32318  val 0.32764  w=[0.7561 1.3611 1.2334]  b=+4.7990  j*=1  S=5.4445  moved=0.654  *best
epoch  45  train 0.32273  val 0.32789  w=[0.7574 1.3618 1.2363]  b=+4.8309  j*=1  S=5.4472  moved=0.649
epoch  46  train 0.32227  val 0.32755  w=[0.7609 1.3672 1.2393]  b=+4.8606  j*=1  S=5.4690  moved=0.647  *best
epoch  47  train 0.32203  val 0.32674  w=[0.765  1.3813 1.2413]  b=+4.8874  j*=1  S=5.5251  moved=0.651  *best
epoch  48  train 0.32169  val 0.32781  w=[0.7662 1.3747 1.2463]  b=+4.9187  j*=1  S=5.4986  moved=0.643
epoch  49  train 0.32156  val 0.32679  w=[0.7675 1.3872 1.2493]  b=+4.9447  j*=1  S=5.5489  moved=0.646
epoch  50  train 0.32129  val 0.32656  w=[0.7703 1.3905 1.2511]  b=+4.9725  j*=1  S=5.5619  moved=0.643  *best
epoch  51  train 0.32115  val 0.32644  w=[0.771  1.4057 1.2543]  b=+4.9965  j*=1  S=5.6230  moved=0.649  *best
epoch  52  train 0.32085  val 0.32549  w=[0.7726 1.4133 1.2562]  b=+5.0221  j*=1  S=5.6531  moved=0.650  *best
epoch  53  train 0.32068  val 0.32526  w=[0.7731 1.4193 1.2582]  b=+5.0477  j*=1  S=5.6772  moved=0.649  *best
epoch  54  train 0.32052  val 0.32508  w=[0.7763 1.4253 1.2617]  b=+5.0720  j*=1  S=5.7013  moved=0.649  *best
epoch  55  train 0.32031  val 0.32523  w=[0.7782 1.4405 1.2642]  b=+5.0935  j*=1  S=5.7622  moved=0.653
epoch  56  train 0.31998  val 0.32487  w=[0.7794 1.4414 1.267 ]  b=+5.1184  j*=1  S=5.7654  moved=0.650  *best
epoch  57  train 0.31990  val 0.32521  w=[0.7821 1.4399 1.2694]  b=+5.1431  j*=1  S=5.7598  moved=0.646
epoch  58  train 0.31973  val 0.32442  w=[0.786  1.4493 1.272 ]  b=+5.1643  j*=1  S=5.7971  moved=0.649  *best
epoch  59  train 0.31947  val 0.32484  w=[0.7889 1.4496 1.2732]  b=+5.1876  j*=1  S=5.7984  moved=0.645
epoch  60  train 0.31945  val 0.32476  w=[0.7888 1.4575 1.2751]  b=+5.2087  j*=1  S=5.8298  moved=0.646
epoch  61  train 0.31931  val 0.32418  w=[0.7886 1.4707 1.278 ]  b=+5.2276  j*=1  S=5.8830  moved=0.652  *best
epoch  62  train 0.31897  val 0.32380  w=[0.7889 1.4698 1.282 ]  b=+5.2497  j*=1  S=5.8791  moved=0.646  *best
epoch  63  train 0.31869  val 0.32426  w=[0.7914 1.4702 1.2835]  b=+5.2711  j*=1  S=5.8809  moved=0.644
epoch  64  train 0.31874  val 0.32372  w=[0.794  1.4846 1.2836]  b=+5.2884  j*=1  S=5.9386  moved=0.649  *best
epoch  65  train 0.31873  val 0.32358  w=[0.7952 1.4891 1.2855]  b=+5.3078  j*=1  S=5.9565  moved=0.649  *best
epoch  66  train 0.31846  val 0.32385  w=[0.7946 1.4828 1.2862]  b=+5.3299  j*=1  S=5.9312  moved=0.642
epoch  67  train 0.31850  val 0.32294  w=[0.7968 1.5063 1.2881]  b=+5.3434  j*=1  S=6.0252  moved=0.653  *best
epoch  68  train 0.31818  val 0.32310  w=[0.799  1.5008 1.289 ]  b=+5.3645  j*=1  S=6.0032  moved=0.648
epoch  69  train 0.31801  val 0.32354  w=[0.8013 1.4982 1.289 ]  b=+5.3843  j*=1  S=5.9927  moved=0.643
epoch  70  train 0.31801  val 0.32285  w=[0.804  1.5092 1.2901]  b=+5.3997  j*=1  S=6.0368  moved=0.646  *best
epoch  71  train 0.31789  val 0.32271  w=[0.8033 1.5163 1.293 ]  b=+5.4161  j*=1  S=6.0651  moved=0.648  *best
epoch  72  train 0.31781  val 0.32274  w=[0.8058 1.5224 1.297 ]  b=+5.4323  j*=1  S=6.0897  moved=0.651
epoch  73  train 0.31769  val 0.32319  w=[0.8088 1.5146 1.2972]  b=+5.4517  j*=1  S=6.0585  moved=0.643
epoch  74  train 0.31763  val 0.32311  w=[0.81   1.5186 1.2994]  b=+5.4680  j*=1  S=6.0744  moved=0.643
epoch  75  train 0.31752  val 0.32301  w=[0.8089 1.519  1.3016]  b=+5.4850  j*=1  S=6.0760  moved=0.639
epoch  76  train 0.31740  val 0.32230  w=[0.809 1.539 1.303]  b=+5.4964  j*=1  S=6.1559  moved=0.650  *best
epoch  77  train 0.31721  val 0.32234  w=[0.8099 1.5389 1.3043]  b=+5.5130  j*=1  S=6.1555  moved=0.645
epoch  78  train 0.31730  val 0.32172  w=[0.8105 1.549  1.3057]  b=+5.5264  j*=1  S=6.1961  moved=0.652  *best
epoch  79  train 0.31724  val 0.32159  w=[0.8102 1.5518 1.3075]  b=+5.5418  j*=1  S=6.2071  moved=0.651  *best
epoch  80  train 0.31695  val 0.32270  w=[0.8114 1.5418 1.3086]  b=+5.5601  j*=1  S=6.1672  moved=0.641
epoch  81  train 0.31714  val 0.32267  w=[0.8145 1.5471 1.3106]  b=+5.5739  j*=1  S=6.1883  moved=0.643
epoch  82  train 0.31690  val 0.32182  w=[0.8128 1.5526 1.3124]  b=+5.5881  j*=1  S=6.2105  moved=0.644
epoch  83  train 0.31687  val 0.32184  w=[0.8132 1.5583 1.3133]  b=+5.6015  j*=1  S=6.2332  moved=0.644
epoch  84  train 0.31682  val 0.32173  w=[0.8152 1.5653 1.3149]  b=+5.6144  j*=1  S=6.2611  moved=0.647
epoch  85  train 0.31658  val 0.32175  w=[0.8164 1.5655 1.3152]  b=+5.6289  j*=1  S=6.2620  moved=0.644
epoch  86  train 0.31656  val 0.32168  w=[0.8181 1.5733 1.3163]  b=+5.6412  j*=1  S=6.2930  moved=0.647
epoch  87  train 0.31653  val 0.32116  w=[0.8183 1.5807 1.3172]  b=+5.6531  j*=1  S=6.3230  moved=0.651  *best
epoch  88  train 0.31655  val 0.32157  w=[0.8195 1.5795 1.3185]  b=+5.6672  j*=1  S=6.3181  moved=0.647
epoch  89  train 0.31654  val 0.32144  w=[0.8203 1.5834 1.3211]  b=+5.6794  j*=1  S=6.3336  moved=0.647
epoch  90  train 0.31640  val 0.32085  w=[0.8212 1.5874 1.3202]  b=+5.6917  j*=1  S=6.3495  moved=0.648  *best
epoch  91  train 0.31639  val 0.32102  w=[0.8217 1.5971 1.3222]  b=+5.7020  j*=1  S=6.3884  moved=0.652
epoch  92  train 0.31595  val 0.32129  w=[0.8213 1.5899 1.3215]  b=+5.7169  j*=1  S=6.3596  moved=0.644
epoch  93  train 0.31620  val 0.32129  w=[0.8236 1.5884 1.3222]  b=+5.7301  j*=1  S=6.3538  moved=0.644
epoch  94  train 0.31627  val 0.32084  w=[0.825  1.602  1.3244]  b=+5.7389  j*=1  S=6.4079  moved=0.651  *best
epoch  95  train 0.31614  val 0.32126  w=[0.8263 1.6004 1.3263]  b=+5.7516  j*=1  S=6.4014  moved=0.644
epoch  96  train 0.31589  val 0.32121  w=[0.8285 1.5977 1.326 ]  b=+5.7644  j*=1  S=6.3908  moved=0.644
epoch  97  train 0.31614  val 0.32069  w=[0.8298 1.6097 1.3278]  b=+5.7732  j*=1  S=6.4388  moved=0.650  *best
epoch  98  train 0.31612  val 0.32103  w=[0.8316 1.606  1.3291]  b=+5.7858  j*=1  S=6.4242  moved=0.644
epoch  99  train 0.31596  val 0.32056  w=[0.8317 1.6139 1.3305]  b=+5.7953  j*=1  S=6.4557  moved=0.647  *best
epoch 100  train 0.31573  val 0.32090  w=[0.8304 1.6101 1.3313]  b=+5.8077  j*=1  S=6.4404  moved=0.644
epoch 101  train 0.31579  val 0.32054  w=[0.8301 1.6202 1.3334]  b=+5.8165  j*=1  S=6.4809  moved=0.647  *best
epoch 102  train 0.31596  val 0.32041  w=[0.8302 1.625  1.3341]  b=+5.8264  j*=1  S=6.4998  moved=0.650  *best
epoch 103  train 0.31576  val 0.32086  w=[0.8333 1.6194 1.3357]  b=+5.8386  j*=1  S=6.4777  moved=0.644
epoch 104  train 0.31568  val 0.32172  w=[0.8361 1.614  1.3371]  b=+5.8507  j*=1  S=6.4560  moved=0.638
epoch 105  train 0.31601  val 0.32090  w=[0.8395 1.6262 1.3393]  b=+5.8575  j*=1  S=6.5050  moved=0.644
epoch 106  train 0.31574  val 0.32044  w=[0.839  1.6325 1.3412]  b=+5.8662  j*=1  S=6.5301  moved=0.646
epoch 107  train 0.31553  val 0.32082  w=[0.8374 1.6326 1.3417]  b=+5.8768  j*=1  S=6.5303  moved=0.644
epoch 108  train 0.31554  val 0.32020  w=[0.8364 1.635  1.3421]  b=+5.8863  j*=1  S=6.5402  moved=0.644  *best
epoch 109  train 0.31551  val 0.32017  w=[0.8361 1.6407 1.3419]  b=+5.8948  j*=1  S=6.5627  moved=0.648  *best
epoch 110  train 0.31552  val 0.32014  w=[0.8384 1.6396 1.3427]  b=+5.9046  j*=1  S=6.5583  moved=0.644  *best
epoch 111  train 0.31585  val 0.32066  w=[0.8412 1.6382 1.3463]  b=+5.9139  j*=1  S=6.5527  moved=0.644
epoch 112  train 0.31551  val 0.32032  w=[0.8426 1.6511 1.3466]  b=+5.9201  j*=1  S=6.6044  moved=0.650
epoch 113  train 0.31557  val 0.32035  w=[0.841  1.6543 1.3489]  b=+5.9285  j*=1  S=6.6173  moved=0.650
epoch 114  train 0.31536  val 0.32064  w=[0.8419 1.6457 1.3489]  b=+5.9397  j*=1  S=6.5826  moved=0.643
epoch 115  train 0.31552  val 0.32067  w=[0.844  1.6486 1.3498]  b=+5.9478  j*=1  S=6.5943  moved=0.644
epoch 116  train 0.31533  val 0.32065  w=[0.8443 1.6431 1.3497]  b=+5.9582  j*=1  S=6.5724  moved=0.639
epoch 117  train 0.31531  val 0.32017  w=[0.8464 1.6605 1.3498]  b=+5.9623  j*=1  S=6.6420  moved=0.651
epoch 118  train 0.31524  val 0.32009  w=[0.8458 1.6616 1.3493]  b=+5.9708  j*=1  S=6.6464  moved=0.650  *best
epoch 119  train 0.31528  val 0.32002  w=[0.8452 1.6624 1.3513]  b=+5.9790  j*=1  S=6.6497  moved=0.647  *best
epoch 120  train 0.31527  val 0.32003  w=[0.8495 1.6646 1.3509]  b=+5.9867  j*=1  S=6.6585  moved=0.647
epoch 121  train 0.31506  val 0.32121  w=[0.8504 1.6462 1.3512]  b=+5.9996  j*=1  S=6.5849  moved=0.636
epoch 122  train 0.31558  val 0.32004  w=[0.8499 1.6657 1.3561]  b=+6.0024  j*=1  S=6.6628  moved=0.644
epoch 123  train 0.31508  val 0.32124  w=[0.8473 1.6526 1.3566]  b=+6.0138  j*=1  S=6.6103  moved=0.637
epoch 124  train 0.31537  val 0.32055  w=[0.8491 1.6667 1.3569]  b=+6.0180  j*=1  S=6.6670  moved=0.643
epoch 125  train 0.31523  val 0.31984  w=[0.8499 1.6721 1.3576]  b=+6.0243  j*=1  S=6.6885  moved=0.644  *best
epoch 126  train 0.31510  val 0.32030  w=[0.8488 1.665  1.3569]  b=+6.0342  j*=1  S=6.6599  moved=0.642
epoch 127  train 0.31513  val 0.32037  w=[0.8478 1.6726 1.3579]  b=+6.0400  j*=1  S=6.6903  moved=0.643
epoch 128  train 0.31502  val 0.31980  w=[0.846  1.6753 1.3571]  b=+6.0473  j*=1  S=6.7014  moved=0.643  *best
epoch 129  train 0.31530  val 0.31986  w=[0.8484 1.678  1.358 ]  b=+6.0538  j*=1  S=6.7119  moved=0.643
epoch 130  train 0.31505  val 0.31921  w=[0.8487 1.6891 1.3566]  b=+6.0585  j*=1  S=6.7562  moved=0.651  *best
epoch 131  train 0.31505  val 0.31990  w=[0.8486 1.6871 1.3566]  b=+6.0665  j*=1  S=6.7483  moved=0.650
epoch 132  train 0.31479  val 0.32022  w=[0.8491 1.6803 1.3579]  b=+6.0754  j*=1  S=6.7211  moved=0.642
epoch 133  train 0.31484  val 0.32025  w=[0.8482 1.6804 1.3574]  b=+6.0826  j*=1  S=6.7218  moved=0.642
epoch 134  train 0.31494  val 0.31979  w=[0.8492 1.6906 1.359 ]  b=+6.0870  j*=1  S=6.7622  moved=0.648
epoch 135  train 0.31486  val 0.31961  w=[0.8505 1.689  1.3597]  b=+6.0943  j*=1  S=6.7559  moved=0.644
epoch 136  train 0.31465  val 0.32009  w=[0.8525 1.6795 1.3599]  b=+6.1036  j*=1  S=6.7180  moved=0.639
epoch 137  train 0.31459  val 0.32014  w=[0.8547 1.6838 1.3604]  b=+6.1090  j*=1  S=6.7351  moved=0.642
epoch 138  train 0.31490  val 0.32017  w=[0.8558 1.6873 1.3613]  b=+6.1146  j*=1  S=6.7490  moved=0.641
epoch 139  train 0.31490  val 0.31950  w=[0.8562 1.6941 1.3622]  b=+6.1192  j*=1  S=6.7764  moved=0.643
epoch 140  train 0.31482  val 0.32012  w=[0.8552 1.6889 1.363 ]  b=+6.1271  j*=1  S=6.7557  moved=0.642
epoch 141  train 0.31499  val 0.31992  w=[0.8556 1.7055 1.3634]  b=+6.1292  j*=1  S=6.8219  moved=0.650
epoch 142  train 0.31472  val 0.31888  w=[0.8566 1.7085 1.3632]  b=+6.1348  j*=1  S=6.8338  moved=0.651  *best
epoch 143  train 0.31449  val 0.32016  w=[0.8547 1.6961 1.3628]  b=+6.1446  j*=1  S=6.7846  moved=0.641
epoch 144  train 0.31480  val 0.32000  w=[0.8557 1.6915 1.3638]  b=+6.1517  j*=1  S=6.7659  moved=0.638
epoch 145  train 0.31478  val 0.31959  w=[0.854  1.7053 1.3664]  b=+6.1540  j*=1  S=6.8214  moved=0.645
epoch 146  train 0.31452  val 0.31942  w=[0.854  1.7045 1.366 ]  b=+6.1604  j*=1  S=6.8181  moved=0.643
epoch 147  train 0.31461  val 0.31968  w=[0.8548 1.7107 1.366 ]  b=+6.1648  j*=1  S=6.8426  moved=0.648
epoch 148  train 0.31456  val 0.32013  w=[0.8563 1.7034 1.3654]  b=+6.1726  j*=1  S=6.8134  moved=0.642
epoch 149  train 0.31488  val 0.31891  w=[0.8565 1.7195 1.3686]  b=+6.1741  j*=1  S=6.8780  moved=0.651
epoch 150  train 0.31464  val 0.31934  w=[0.859  1.709  1.3683]  b=+6.1824  j*=1  S=6.8359  moved=0.643
epoch 151  train 0.31455  val 0.31996  w=[0.8592 1.7017 1.3693]  b=+6.1897  j*=1  S=6.8068  moved=0.638
epoch 152  train 0.31473  val 0.31932  w=[0.8598 1.7114 1.3699]  b=+6.1929  j*=1  S=6.8457  moved=0.642
epoch 153  train 0.31437  val 0.31944  w=[0.8581 1.7115 1.3698]  b=+6.1987  j*=1  S=6.8461  moved=0.642
epoch 154  train 0.31457  val 0.31997  w=[0.8606 1.7074 1.3701]  b=+6.2050  j*=1  S=6.8294  moved=0.641
epoch 155  train 0.31465  val 0.31996  w=[0.8601 1.7084 1.3719]  b=+6.2101  j*=1  S=6.8336  moved=0.640
epoch 156  train 0.31465  val 0.32001  w=[0.8615 1.7119 1.3726]  b=+6.2143  j*=1  S=6.8474  moved=0.641
epoch 157  train 0.31460  val 0.31983  w=[0.8631 1.7069 1.3735]  b=+6.2209  j*=1  S=6.8275  moved=0.636
epoch 158  train 0.31486  val 0.31939  w=[0.8645 1.7204 1.376 ]  b=+6.2225  j*=1  S=6.8816  moved=0.643
epoch 159  train 0.31463  val 0.31998  w=[0.8653 1.7146 1.3756]  b=+6.2290  j*=1  S=6.8583  moved=0.641
epoch 160  train 0.31467  val 0.31931  w=[0.8633 1.7218 1.377 ]  b=+6.2321  j*=1  S=6.8871  moved=0.642
epoch 161  train 0.31464  val 0.31888  w=[0.8637 1.7347 1.3765]  b=+6.2337  j*=1  S=6.9387  moved=0.651  *best
epoch 162  train 0.31451  val 0.31992  w=[0.8643 1.7166 1.3762]  b=+6.2432  j*=1  S=6.8663  moved=0.639
epoch 163  train 0.31465  val 0.31945  w=[0.8629 1.728  1.378 ]  b=+6.2451  j*=1  S=6.9120  moved=0.643
epoch 164  train 0.31432  val 0.32000  w=[0.8624 1.7143 1.3771]  b=+6.2535  j*=1  S=6.8573  moved=0.636
epoch 165  train 0.31456  val 0.31981  w=[0.8635 1.7175 1.3771]  b=+6.2576  j*=1  S=6.8699  moved=0.636
epoch 166  train 0.31464  val 0.31956  w=[0.8646 1.7336 1.3782]  b=+6.2579  j*=1  S=6.9345  moved=0.645
epoch 167  train 0.31466  val 0.31925  w=[0.8653 1.7295 1.378 ]  b=+6.2636  j*=1  S=6.9181  moved=0.642
epoch 168  train 0.31443  val 0.31921  w=[0.8683 1.7299 1.3774]  b=+6.2679  j*=1  S=6.9197  moved=0.642
epoch 169  train 0.31451  val 0.32010  w=[0.8675 1.7294 1.379 ]  b=+6.2725  j*=1  S=6.9175  moved=0.641
epoch 170  train 0.31460  val 0.31938  w=[0.8673 1.7514 1.3795]  b=+6.2715  j*=1  S=7.0054  moved=0.652
epoch 171  train 0.31456  val 0.31880  w=[0.8667 1.7454 1.38  ]  b=+6.2778  j*=1  S=6.9815  moved=0.650  *best
epoch 172  train 0.31432  val 0.31965  w=[0.8665 1.7423 1.381 ]  b=+6.2831  j*=1  S=6.9692  moved=0.648
epoch 173  train 0.31472  val 0.31982  w=[0.8686 1.7454 1.3827]  b=+6.2862  j*=1  S=6.9818  moved=0.649
epoch 174  train 0.31429  val 0.31938  w=[0.8684 1.7356 1.3833]  b=+6.2930  j*=1  S=6.9424  moved=0.642
epoch 175  train 0.31453  val 0.31954  w=[0.8694 1.7434 1.3817]  b=+6.2952  j*=1  S=6.9736  moved=0.643
epoch 176  train 0.31431  val 0.31986  w=[0.8698 1.7321 1.3812]  b=+6.3022  j*=1  S=6.9284  moved=0.640
epoch 177  train 0.31441  val 0.31926  w=[0.8697 1.7406 1.3827]  b=+6.3041  j*=1  S=6.9626  moved=0.642
epoch 178  train 0.31445  val 0.31931  w=[0.8691 1.7386 1.3836]  b=+6.3086  j*=1  S=6.9544  moved=0.642
epoch 179  train 0.31445  val 0.31999  w=[0.8695 1.7379 1.3843]  b=+6.3125  j*=1  S=6.9515  moved=0.641
epoch 180  train 0.31458  val 0.31917  w=[0.87   1.7419 1.3851]  b=+6.3152  j*=1  S=6.9675  moved=0.642
epoch 181  train 0.31450  val 0.31929  w=[0.8706 1.7448 1.3864]  b=+6.3179  j*=1  S=6.9790  moved=0.642
epoch 182  train 0.31445  val 0.31920  w=[0.8727 1.7442 1.386 ]  b=+6.3220  j*=1  S=6.9767  moved=0.642
epoch 183  train 0.31462  val 0.31873  w=[0.8723 1.7557 1.388 ]  b=+6.3227  j*=1  S=7.0226  moved=0.649  *best
epoch 184  train 0.31440  val 0.31950  w=[0.8728 1.7513 1.3875]  b=+6.3275  j*=1  S=7.0052  moved=0.643
epoch 185  train 0.31425  val 0.32001  w=[0.8729 1.7434 1.388 ]  b=+6.3331  j*=1  S=6.9735  moved=0.641
epoch 186  train 0.31429  val 0.32004  w=[0.8724 1.7451 1.3875]  b=+6.3364  j*=1  S=6.9804  moved=0.641
epoch 187  train 0.31441  val 0.32005  w=[0.8724 1.7459 1.3888]  b=+6.3395  j*=1  S=6.9837  moved=0.641
epoch 188  train 0.31450  val 0.31948  w=[0.8712 1.7546 1.3901]  b=+6.3408  j*=1  S=7.0184  moved=0.643
epoch 189  train 0.31442  val 0.31976  w=[0.8737 1.7406 1.3886]  b=+6.3479  j*=1  S=6.9624  moved=0.636
epoch 190  train 0.31453  val 0.31928  w=[0.8745 1.7525 1.3909]  b=+6.3481  j*=1  S=7.0101  moved=0.642
epoch 191  train 0.31442  val 0.32000  w=[0.8733 1.7485 1.3902]  b=+6.3528  j*=1  S=6.9941  moved=0.641
epoch 192  train 0.31448  val 0.31954  w=[0.8739 1.7591 1.3903]  b=+6.3537  j*=1  S=7.0362  moved=0.645
epoch 193  train 0.31447  val 0.31961  w=[0.8737 1.7609 1.3905]  b=+6.3566  j*=1  S=7.0436  moved=0.648
epoch 194  train 0.31420  val 0.31914  w=[0.8727 1.754  1.3898]  b=+6.3618  j*=1  S=7.0159  moved=0.642
epoch 195  train 0.31433  val 0.31985  w=[0.8733 1.7493 1.3904]  b=+6.3662  j*=1  S=6.9972  moved=0.640
epoch 196  train 0.31426  val 0.31915  w=[0.8731 1.7556 1.391 ]  b=+6.3680  j*=1  S=7.0223  moved=0.642
epoch 197  train 0.31436  val 0.31925  w=[0.8734 1.758  1.3928]  b=+6.3704  j*=1  S=7.0320  moved=0.642
epoch 198  train 0.31424  val 0.31954  w=[0.8752 1.7638 1.392 ]  b=+6.3719  j*=1  S=7.0552  moved=0.645
epoch 199  train 0.31440  val 0.31981  w=[0.8747 1.7517 1.3908]  b=+6.3780  j*=1  S=7.0066  moved=0.639
epoch 200  train 0.31459  val 0.31957  w=[0.8773 1.7657 1.3914]  b=+6.3772  j*=1  S=7.0626  moved=0.648

Best epoch 183: val loss 0.31873
  model space (standard): w = AGEP 0.87230, WKHP 1.75566, SCHL 1.38795;  b = 6.32265
  raw units:    w = AGEP 0.058638, WKHP 0.134687, SCHL 0.353125;  b = 20.44809
Saved -> /Users/siddharthshrivastava/Downloads/Research_coding/outputs/retiring_adult/models/strat_imp_aware.pt
         /Users/siddharthshrivastava/Downloads/Research_coding/outputs/retiring_adult/models/strat_imp_aware.json
         /Users/siddharthshrivastava/Downloads/Research_coding/outputs/retiring_adult/models/strat_imp_aware_history.csv
